

Lenovo@DESKTOP-QNMAHAV MINGW64 ~ (master)
$ cd desktop/repo

Lenovo@DESKTOP-QNMAHAV MINGW64 ~/desktop/repo (master)
$ git init
Initialized empty Git repository in C:/Users/Lenovo/Desktop/repo/.git/

Lenovo@DESKTOP-QNMAHAV MINGW64 ~/desktop/repo (master)
$ git add first-file.txt

Lenovo@DESKTOP-QNMAHAV MINGW64 ~/desktop/repo (master)
$ git add second-file.txt

Lenovo@DESKTOP-QNMAHAV MINGW64 ~/desktop/repo (master)
$ git add third-file.txt

Lenovo@DESKTOP-QNMAHAV MINGW64 ~/desktop/repo (master)
$ git reset third-file.txt

Lenovo@DESKTOP-QNMAHAV MINGW64 ~/desktop/repo (master)
$ git status
On branch master

No commits yet

Changes to be committed:
  (use "git rm --cached <file>..." to unstage)

        new file:   first-file.txt
        new file:   second-file.txt

Untracked files:
  (use "git add <file>..." to include in what will be committed)

        AllMyCommands.txt.txt
        third-file.txt


Lenovo@DESKTOP-QNMAHAV MINGW64 ~/desktop/repo (master)
$ git add third-file.txt

Lenovo@DESKTOP-QNMAHAV MINGW64 ~/desktop/repo (master)
$ git commit first-file.txt -m "First file containing section 1.1 of the book is added"
[master (root-commit) cdc2c8e] First file containing section 1.1 of the book is added
 1 file changed, 22 insertions(+)
 create mode 100644 first-file.txt

Lenovo@DESKTOP-QNMAHAV MINGW64 ~/desktop/repo (master)
$ git commit second-file.txt -m "Second file containing section 1.2 of the book is added"
[master b9b99b1] Second file containing section 1.2 of the book is added
 1 file changed, 11 insertions(+)
 create mode 100644 second-file.txt

Lenovo@DESKTOP-QNMAHAV MINGW64 ~/desktop/repo (master)
$ git commit third-file.txt -m "Third file containing section 1.3 of the book is added"
[master 4ba8832] Third file containing section 1.3 of the book is added
 1 file changed, 39 insertions(+)
 create mode 100644 third-file.txt

Lenovo@DESKTOP-QNMAHAV MINGW64 ~/desktop/repo (master)
$

Lenovo@DESKTOP-QNMAHAV MINGW64 ~/desktop/test (master)
$ git remote add origin https://github.com/dohayasser/sprint0.git

Lenovo@DESKTOP-QNMAHAV MINGW64 ~/desktop/repo (master)
$ git remote -v
origin  https://github.com/dohayasser/sprint0.git (fetch)
origin  https://github.com/dohayasser/sprint0.git (push)

Lenovo@DESKTOP-QNMAHAV MINGW64 ~/desktop/repo (master)
$ git push origin master
fatal: unable to access 'https://github.com/dohayasser/sprint0.git/': OpenSSL SSL_connect: SSL_ERROR_SYSCALL in connection to github.com:443

Lenovo@DESKTOP-QNMAHAV MINGW64 ~/desktop/repo (master)
$ git push origin master
To https://github.com/dohayasser/sprint0.git
 ! [rejected]        master -> master (fetch first)
error: failed to push some refs to 'https://github.com/dohayasser/sprint0.git'
hint: Updates were rejected because the remote contains work that you do
hint: not have locally. This is usually caused by another repository pushing
hint: to the same ref. You may want to first integrate the remote changes
hint: (e.g., 'git pull ...') before pushing again.
hint: See the 'Note about fast-forwards' in 'git push --help' for details.

Lenovo@DESKTOP-QNMAHAV MINGW64 ~/desktop/repo (master)
$ git push origin master -f
Counting objects: 9, done.
Delta compression using up to 4 threads.
Compressing objects: 100% (8/8), done.
Writing objects: 100% (9/9), 6.53 KiB | 3.26 MiB/s, done.
Total 9 (delta 1), reused 0 (delta 0)
remote: Resolving deltas: 100% (1/1), done.
To https://github.com/dohayasser/sprint0.git
 + 7f2b2e8...4ba8832 master -> master (forced update)

Lenovo@DESKTOP-QNMAHAV MINGW64 ~/desktop/repo (master)
$ vim README.md

Lenovo@DESKTOP-QNMAHAV MINGW64 ~/desktop/repo (master)
$ git checkout -b ReadMe
Switched to a new branch 'ReadMe'

Lenovo@DESKTOP-QNMAHAV MINGW64 ~/desktop/repo (ReadMe)
$ git add README.md
warning: LF will be replaced by CRLF in README.md.
The file will have its original line endings in your working directory.

Lenovo@DESKTOP-QNMAHAV MINGW64 ~/desktop/repo (ReadMe)
$ git commit README.md -m "The Read me file is added to the repository"
warning: LF will be replaced by CRLF in README.md.
The file will have its original line endings in your working directory.
[ReadMe 4543d13] The Read me file is added to the repository
 1 file changed, 13 insertions(+)
 create mode 100644 README.md

Lenovo@DESKTOP-QNMAHAV MINGW64 ~/desktop/repo (ReadMe)
$ git log
commit 4543d13153e47356d3fa8dcae99fa6beb9550606 (HEAD -> ReadMe)
Author: dohayasser <dohayasser1997@hotmail.com>
Date:   Tue Feb 13 13:25:54 2018 +0200

    The Read me file is added to the repository

commit 4ba8832c6c8d29d4315e540132b56e6a1592e35f (origin/master, master)
Author: dohayasser <dohayasser1997@hotmail.com>
Date:   Tue Feb 13 12:51:00 2018 +0200

    Third file containing section 1.3 of the book is added

commit b9b99b13b9aa46c10a0e7f3110c1bd800be5834c
Author: dohayasser <dohayasser1997@hotmail.com>
Date:   Tue Feb 13 12:50:28 2018 +0200

    Second file containing section 1.2 of the book is added

commit cdc2c8e7cceabd009b809623a31d49e45dee8c42
Author: dohayasser <dohayasser1997@hotmail.com>
Date:   Tue Feb 13 12:49:59 2018 +0200

    First file containing section 1.1 of the book is added

Lenovo@DESKTOP-QNMAHAV MINGW64 ~/desktop/repo (ReadMe)
$ git checkout master
Switched to branch 'master'

Lenovo@DESKTOP-QNMAHAV MINGW64 ~/desktop/repo (master)
$ git merge ReadMe master
Updating 4ba8832..4543d13
Fast-forward
 README.md | 13 +++++++++++++
 1 file changed, 13 insertions(+)
 create mode 100644 README.md

Lenovo@DESKTOP-QNMAHAV MINGW64 ~/desktop/repo (master)
$ git add AllMyCommands.txt.txt

Lenovo@DESKTOP-QNMAHAV MINGW64 ~/desktop/repo (master)
$ git commit AllMyCommands.txt.txt -m "All my Commands are saved and added to the repossitory"
